
[CASE:  AVG ]
{'bot_contributions': [[8, 10, 10, 9, 8, 8, 7, 7, 6, 6, 6, 5, 5, 4, 4, 4, 10, 9, 8, 3, 3, 2, 2, 1],
  [8, 9, 10, 9, 8, 7, 7, 7, 5, 6, 6, 6, 5, 4, 5, 4, 10, 9, 8, 3, 3, 2, 2, 1],
  [7, 8, 10, 8, 8, 7, 7, 7, 5, 6, 6, 6, 5, 4, 5, 4, 10, 9, 8, 3, 3, 2, 2, 1],
  [6, 7, 10, 8, 8, 6, 7, 7, 5, 6, 6, 6, 5, 4, 5, 4, 10, 9, 8, 3, 3, 2, 2, 1],
  [5, 6, 10, 8, 8, 6, 6, 7, 5, 6, 6, 6, 5, 4, 5, 4, 10, 9, 8, 3, 3, 2, 2, 1],
  [5, 5, 9, 7, 8, 6, 6, 7, 5, 6, 6, 6, 5, 4, 5, 4, 10, 9, 8, 3, 3, 2, 2, 1]],
  'round_contributions': [5, 5, 9, 7, 8, 6, 6, 7, 5, 6, 6, 6, 5, 4, 5, 4, 10, 9, 8, 3, 3, 2, 2, 1],
  'round_sums': [151, 150, 147, 144, 141, 138],
  'round_withholdings': [99, 100, 103, 106, 109, 112],
  'total_witheld': 629, 'round_total': 138, 'group_total': 132, 'game_total_contrib': 871}
=================================================================================================================
    #  |  P  | BOTS                                                                    |  t   Δt   x̄    Δx̄       
-----------------------------------------------------------------------------------------------------------------
|| (1) [  6 | 8 10 10  9  8  8  7  7  6  6  6  5  5  4  4  4 10  9  8  3  3  2  2  1 ] | 151      6.04         || 151
|| (2) [  6 | 8  9 10  9  8  7  7  7  5  6  6  6  5  4  5  4 10  9  8  3  3  2  2  1 ] | 150 (-1) 6.00 (-0.04) || 301
|| (3) [  6 | 7  8 10  8  8  7  7  7  5  6  6  6  5  4  5  4 10  9  8  3  3  2  2  1 ] | 147 (-3) 5.88 (-0.12) || 448
|| (4) [  6 | 6  7 10  8  8  6  7  7  5  6  6  6  5  4  5  4 10  9  8  3  3  2  2  1 ] | 144 (-3) 5.76 (-0.12) || 592
|| (5) [  6 | 5  6 10  8  8  6  6  7  5  6  6  6  5  4  5  4 10  9  8  3  3  2  2  1 ] | 141 (-3) 5.64 (-0.12) || 733
|| (6) [  6 | 5  5  9  7  8  6  6  7  5  6  6  6  5  4  5  4 10  9  8  3  3  2  2  1 ] | 138 (-3) 5.52 (-0.12) || 871
-----------------------------------------------------------------------------------------------------------------
GAME TOTAL:                	 871
_________________________________________________________
PLAYER:
  total contributed        	 36
  total witheld            	 24




[CASE:  MIN ]
{'bot_contributions': [[8, 10, 10, 9, 8, 8, 7, 7, 6, 6, 6, 5, 5, 4, 4, 4, 10, 9, 8, 3, 3, 2, 2, 1],
  [8, 9, 10, 9, 8, 7, 7, 7, 5, 6, 6, 6, 5, 4, 5, 4, 10, 9, 8, 3, 3, 2, 2, 1],
  [7, 8, 10, 9, 8, 6, 7, 7, 5, 6, 6, 6, 5, 4, 5, 4, 10, 9, 8, 3, 3, 2, 2, 1],
  [7, 8, 9, 9, 8, 5, 7, 7, 5, 5, 6, 6, 5, 4, 5, 4, 10, 9, 8, 3, 3, 2, 2, 1],
  [7, 7, 8, 9, 8, 5, 7, 7, 5, 5, 5, 6, 5, 4, 5, 4, 10, 9, 8, 3, 3, 2, 2, 1],
  [6, 7, 7, 8, 8, 5, 7, 7, 5, 5, 5, 6, 5, 4, 5, 4, 10, 9, 8, 3, 3, 2, 2, 1]],
  'round_contributions': [6, 7, 7, 8, 8, 5, 7, 7, 5, 5, 5, 6, 5, 4, 5, 4, 10, 9, 8, 3, 3, 2, 2, 1],
  'round_sums': [145, 144, 141, 138, 135, 132],
  'round_withholdings': [105, 106, 109, 112, 115, 118],
  'total_witheld': 665, 'round_total': 132, 'group_total': 132, 'game_total_contrib': 835}
=================================================================================================================
    #  |  P  | BOTS                                                                    |  t   Δt   x̄    Δx̄       
-----------------------------------------------------------------------------------------------------------------
|| (1) [  0 | 8 10 10  9  8  8  7  7  6  6  6  5  5  4  4  4 10  9  8  3  3  2  2  1 ] | 145      5.80         || 145
|| (2) [  0 | 8  9 10  9  8  7  7  7  5  6  6  6  5  4  5  4 10  9  8  3  3  2  2  1 ] | 144 (-1) 5.76 (-0.04) || 289
|| (3) [  0 | 7  8 10  9  8  6  7  7  5  6  6  6  5  4  5  4 10  9  8  3  3  2  2  1 ] | 141 (-3) 5.64 (-0.12) || 430
|| (4) [  0 | 7  8  9  9  8  5  7  7  5  5  6  6  5  4  5  4 10  9  8  3  3  2  2  1 ] | 138 (-3) 5.52 (-0.12) || 568
|| (5) [  0 | 7  7  8  9  8  5  7  7  5  5  5  6  5  4  5  4 10  9  8  3  3  2  2  1 ] | 135 (-3) 5.40 (-0.12) || 703
|| (6) [  0 | 6  7  7  8  8  5  7  7  5  5  5  6  5  4  5  4 10  9  8  3  3  2  2  1 ] | 132 (-3) 5.28 (-0.12) || 835
-----------------------------------------------------------------------------------------------------------------
GAME TOTAL:                	 835
_________________________________________________________
PLAYER:
  total contributed        	 0
  total witheld            	 60




[CASE:  MAX ]
{'bot_contributions': [[8, 10, 10, 9, 8, 8, 7, 7, 6, 6, 6, 5, 5, 4, 4, 4, 10, 9, 8, 3, 3, 2, 2, 1],
  [8, 9, 10, 9, 8, 7, 7, 7, 5, 6, 6, 6, 5, 4, 5, 4, 10, 9, 8, 3, 3, 2, 2, 1],
  [8, 8, 10, 9, 8, 6, 6, 7, 5, 6, 6, 6, 5, 4, 5, 4, 10, 9, 8, 3, 3, 2, 2, 1],
  [7, 8, 9, 8, 8, 6, 6, 7, 5, 6, 6, 6, 5, 4, 5, 4, 10, 9, 8, 3, 3, 2, 2, 1],
  [7, 7, 9, 7, 8, 5, 6, 7, 5, 6, 6, 6, 5, 4, 5, 4, 10, 9, 8, 3, 3, 2, 2, 1],
  [6, 7, 9, 7, 8, 5, 5, 7, 5, 5, 6, 6, 5, 4, 5, 4, 10, 9, 8, 3, 3, 2, 2, 1]],
  'round_contributions': [6, 7, 9, 7, 8, 5, 5, 7, 5, 5, 6, 6, 5, 4, 5, 4, 10, 9, 8, 3, 3, 2, 2, 1],
  'round_sums': [155, 154, 151, 148, 145, 142],
  'round_withholdings': [95, 96, 99, 102, 105, 108],
  'total_witheld': 605, 'round_total': 142, 'group_total': 132, 'game_total_contrib': 895}
=================================================================================================================
    #  |  P  | BOTS                                                                    |  t   Δt   x̄    Δx̄       
-----------------------------------------------------------------------------------------------------------------
|| (1) [ 10 | 8 10 10  9  8  8  7  7  6  6  6  5  5  4  4  4 10  9  8  3  3  2  2  1 ] | 155      6.20         || 155
|| (2) [ 10 | 8  9 10  9  8  7  7  7  5  6  6  6  5  4  5  4 10  9  8  3  3  2  2  1 ] | 154 (-1) 6.16 (-0.04) || 309
|| (3) [ 10 | 8  8 10  9  8  6  6  7  5  6  6  6  5  4  5  4 10  9  8  3  3  2  2  1 ] | 151 (-3) 6.04 (-0.12) || 460
|| (4) [ 10 | 7  8  9  8  8  6  6  7  5  6  6  6  5  4  5  4 10  9  8  3  3  2  2  1 ] | 148 (-3) 5.92 (-0.12) || 608
|| (5) [ 10 | 7  7  9  7  8  5  6  7  5  6  6  6  5  4  5  4 10  9  8  3  3  2  2  1 ] | 145 (-3) 5.80 (-0.12) || 753
|| (6) [ 10 | 6  7  9  7  8  5  5  7  5  5  6  6  5  4  5  4 10  9  8  3  3  2  2  1 ] | 142 (-3) 5.68 (-0.12) || 895
-----------------------------------------------------------------------------------------------------------------
GAME TOTAL:                	 895
_________________________________________________________
PLAYER:
  total contributed        	 60
  total witheld            	 0




[CASE:  FALLING ]
{'bot_contributions': [[8, 10, 10, 9, 8, 8, 7, 7, 6, 6, 6, 5, 5, 4, 4, 4, 10, 9, 8, 3, 3, 2, 2, 1],
  [8, 9, 10, 9, 8, 7, 7, 7, 5, 6, 6, 6, 5, 4, 5, 4, 10, 9, 8, 3, 3, 2, 2, 1],
  [7, 9, 9, 9, 8, 6, 7, 7, 5, 6, 6, 6, 5, 4, 5, 4, 10, 9, 8, 3, 3, 2, 2, 1],
  [7, 8, 9, 9, 7, 5, 7, 7, 5, 6, 6, 6, 5, 4, 5, 4, 10, 9, 8, 3, 3, 2, 2, 1],
  [6, 7, 8, 9, 7, 5, 7, 7, 5, 6, 6, 6, 5, 4, 5, 4, 10, 9, 8, 3, 3, 2, 2, 1],
  [5, 6, 7, 9, 7, 5, 7, 7, 5, 6, 6, 6, 5, 4, 5, 4, 10, 9, 8, 3, 3, 2, 2, 1]],
  'round_contributions': [5, 6, 7, 9, 7, 5, 7, 7, 5, 6, 6, 6, 5, 4, 5, 4, 10, 9, 8, 3, 3, 2, 2, 1],
  'round_sums': [154, 152, 148, 144, 140, 136],
  'round_withholdings': [96, 98, 102, 106, 110, 114],
  'total_witheld': 626, 'round_total': 136, 'group_total': 132, 'game_total_contrib': 874}
=================================================================================================================
    #  |  P  | BOTS                                                                    |  t   Δt   x̄    Δx̄       
-----------------------------------------------------------------------------------------------------------------
|| (1) [  4 | 8 10 10  9  8  8  7  7  6  6  6  5  5  4  4  4 10  9  8  3  3  2  2  1 ] | 149      5.96         || 149
|| (2) [  5 | 8  9 10  9  8  7  7  7  5  6  6  6  5  4  5  4 10  9  8  3  3  2  2  1 ] | 149      5.96         || 298
|| (3) [  6 | 7  9  9  9  8  6  7  7  5  6  6  6  5  4  5  4 10  9  8  3  3  2  2  1 ] | 147 (-2) 5.88 (-0.08) || 445
|| (4) [  7 | 7  8  9  9  7  5  7  7  5  6  6  6  5  4  5  4 10  9  8  3  3  2  2  1 ] | 145 (-2) 5.80 (-0.08) || 590
|| (5) [  8 | 6  7  8  9  7  5  7  7  5  6  6  6  5  4  5  4 10  9  8  3  3  2  2  1 ] | 143 (-2) 5.72 (-0.08) || 733
|| (6) [  9 | 5  6  7  9  7  5  7  7  5  6  6  6  5  4  5  4 10  9  8  3  3  2  2  1 ] | 141 (-2) 5.64 (-0.08) || 874
-----------------------------------------------------------------------------------------------------------------
GAME TOTAL:                	 874
_________________________________________________________
PLAYER:
  total contributed        	 39
  total witheld            	 21




[CASE:  increasing ]
{'bot_contributions': [[8, 10, 10, 9, 8, 8, 7, 7, 6, 6, 6, 5, 5, 4, 4, 4, 10, 9, 8, 3, 3, 2, 2, 1],
  [8, 9, 10, 9, 8, 7, 7, 7, 5, 6, 6, 6, 5, 4, 5, 4, 10, 9, 8, 3, 3, 2, 2, 1],
  [8, 9, 10, 9, 8, 7, 7, 7, 5, 6, 6, 6, 5, 5, 5, 5, 10, 9, 8, 3, 3, 2, 2, 1],
  [8, 9, 10, 9, 8, 7, 7, 7, 6, 6, 6, 6, 6, 5, 5, 5, 10, 9, 8, 3, 3, 2, 2, 1],
  [8, 9, 10, 9, 8, 7, 7, 7, 7, 6, 6, 6, 6, 6, 5, 5, 10, 9, 8, 3, 3, 2, 2, 1],
  [8, 9, 10, 9, 8, 7, 7, 7, 7, 7, 6, 6, 6, 6, 6, 5, 10, 9, 8, 3, 3, 2, 2, 1]],
  'round_contributions': [8, 9, 10, 9, 8, 7, 7, 7, 7, 7, 6, 6, 6, 6, 6, 5, 10, 9, 8, 3, 3, 2, 2, 1],
  'round_sums': [145, 146, 150, 154, 158, 162],
  'round_withholdings': [105, 104, 100, 96, 92, 88],
  'total_witheld': 585, 'round_total': 162, 'group_total': 152, 'game_total_contrib': 915}
=================================================================================================================
    #  |  P  | BOTS                                                                    |  t   Δt   x̄    Δx̄       
-----------------------------------------------------------------------------------------------------------------
|| (1) [ 10 | 8 10 10  9  8  8  7  7  6  6  6  5  5  4  4  4 10  9  8  3  3  2  2  1 ] | 155      6.20         || 155
|| (2) [  8 | 8  9 10  9  8  7  7  7  5  6  6  6  5  4  5  4 10  9  8  3  3  2  2  1 ] | 152 (-3) 6.08 (-0.12) || 307
|| (3) [  6 | 8  9 10  9  8  7  7  7  5  6  6  6  5  5  5  5 10  9  8  3  3  2  2  1 ] | 152      6.08         || 459
|| (4) [  4 | 8  9 10  9  8  7  7  7  6  6  6  6  6  5  5  5 10  9  8  3  3  2  2  1 ] | 152      6.08         || 611
|| (5) [  2 | 8  9 10  9  8  7  7  7  7  6  6  6  6  6  5  5 10  9  8  3  3  2  2  1 ] | 152      6.08         || 763
|| (6) [  0 | 8  9 10  9  8  7  7  7  7  7  6  6  6  6  6  5 10  9  8  3  3  2  2  1 ] | 152      6.08         || 915
-----------------------------------------------------------------------------------------------------------------
GAME TOTAL:                	 915
_________________________________________________________
PLAYER:
  total contributed        	 30
  total witheld            	 30




[CASE:  SWITCH ]
{'bot_contributions': [[8, 10, 10, 9, 8, 8, 7, 7, 6, 6, 6, 5, 5, 4, 4, 4, 10, 9, 8, 3, 3, 2, 2, 1],
  [8, 9, 10, 9, 8, 7, 7, 7, 5, 6, 6, 6, 5, 4, 5, 4, 10, 9, 8, 3, 3, 2, 2, 1],
  [8, 8, 10, 9, 8, 6, 6, 7, 5, 6, 6, 6, 5, 4, 5, 4, 10, 9, 8, 3, 3, 2, 2, 1],
  [7, 7, 9, 9, 8, 6, 6, 7, 5, 6, 6, 6, 5, 4, 5, 4, 10, 9, 8, 3, 3, 2, 2, 1],
  [7, 7, 8, 9, 8, 5, 5, 7, 5, 6, 6, 6, 5, 4, 5, 4, 10, 9, 8, 3, 3, 2, 2, 1],
  [7, 7, 7, 9, 8, 5, 5, 7, 5, 5, 5, 6, 5, 4, 5, 4, 10, 9, 8, 3, 3, 2, 2, 1]],
  'round_contributions': [7, 7, 7, 9, 8, 5, 5, 7, 5, 5, 5, 6, 5, 4, 5, 4, 10, 9, 8, 3, 3, 2, 2, 1],
  'round_sums': [155, 154, 151, 148, 135, 132],
  'round_withholdings': [95, 96, 99, 102, 115, 118],
  'total_witheld': 625, 'round_total': 132, 'group_total': 132, 'game_total_contrib': 875}
=================================================================================================================
    #  |  P  | BOTS                                                                    |  t   Δt   x̄    Δx̄       
-----------------------------------------------------------------------------------------------------------------
|| (1) [  0 | 8 10 10  9  8  8  7  7  6  6  6  5  5  4  4  4 10  9  8  3  3  2  2  1 ] | 145      5.80         || 145
|| (2) [  0 | 8  9 10  9  8  7  7  7  5  6  6  6  5  4  5  4 10  9  8  3  3  2  2  1 ] | 144 (-1) 5.76 (-0.04) || 289
|| (3) [ 10 | 8  8 10  9  8  6  6  7  5  6  6  6  5  4  5  4 10  9  8  3  3  2  2  1 ] | 151 (+7) 6.04 (+0.28) || 440
|| (4) [ 10 | 7  7  9  9  8  6  6  7  5  6  6  6  5  4  5  4 10  9  8  3  3  2  2  1 ] | 148 (-3) 5.92 (-0.12) || 588
|| (5) [ 10 | 7  7  8  9  8  5  5  7  5  6  6  6  5  4  5  4 10  9  8  3  3  2  2  1 ] | 145 (-3) 5.80 (-0.12) || 733
|| (6) [ 10 | 7  7  7  9  8  5  5  7  5  5  5  6  5  4  5  4 10  9  8  3  3  2  2  1 ] | 142 (-3) 5.68 (-0.12) || 875
-----------------------------------------------------------------------------------------------------------------
GAME TOTAL:                	 875
_________________________________________________________
PLAYER:
  total contributed        	 40
  total witheld            	 20



